
AVRASM ver. 2.1.30  D:\02_PROJECTS(Proteus7)\05a_SPI\SinWave(MCP4921)\Debug\List\SinWave.asm Mon Nov 02 13:48:51 2020

                 
                 
                 ;CodeVisionAVR C Compiler V3.12 Advanced
                 ;(C) Copyright 1998-2014 Pavel Haiduc, HP InfoTech s.r.l.
                 ;http://www.hpinfotech.com
                 
                 ;Build configuration    : Debug
                 ;Chip type              : ATmega328P
                 ;Program type           : Application
                 ;Clock frequency        : 16,000000 MHz
                 ;Memory model           : Small
                 ;Optimize for           : Size
                 ;(s)printf features     : int, width
                 ;(s)scanf features      : int, width
                 ;External RAM size      : 0
                 ;Data Stack size        : 512 byte(s)
                 ;Heap size              : 0 byte(s)
                 ;Promote 'char' to 'int': Yes
                 ;'char' is unsigned     : Yes
                 ;8 bit enums            : Yes
                 ;Global 'const' stored in FLASH: Yes
                 ;Enhanced function parameter passing: Yes
                 ;Enhanced core instructions: On
                 ;Automatic register allocation for global variables: On
                 ;Smart register allocation: On
                 
                 	#define _MODEL_SMALL_
                 
                 	#pragma AVRPART ADMIN PART_NAME ATmega328P
                 	#pragma AVRPART MEMORY PROG_FLASH 32768
                 	#pragma AVRPART MEMORY EEPROM 1024
                 	#pragma AVRPART MEMORY INT_SRAM SIZE 2048
                 	#pragma AVRPART MEMORY INT_SRAM START_ADDR 0x100
                 
                 	#define CALL_SUPPORTED 1
                 
                 	.LISTMAC
                 	.EQU EERE=0x0
                 	.EQU EEWE=0x1
                 	.EQU EEMWE=0x2
                 	.EQU UDRE=0x5
                 	.EQU RXC=0x7
                 	.EQU EECR=0x1F
                 	.EQU EEDR=0x20
                 	.EQU EEARL=0x21
                 	.EQU EEARH=0x22
                 	.EQU SPSR=0x2D
                 	.EQU SPDR=0x2E
                 	.EQU SMCR=0x33
                 	.EQU MCUSR=0x34
                 	.EQU MCUCR=0x35
                 	.EQU WDTCSR=0x60
                 	.EQU UCSR0A=0xC0
                 	.EQU UDR0=0xC6
                 	.EQU SPL=0x3D
                 	.EQU SPH=0x3E
                 	.EQU SREG=0x3F
                 	.EQU GPIOR0=0x1E
                 
                 	.DEF R0X0=R0
                 	.DEF R0X1=R1
                 	.DEF R0X2=R2
                 	.DEF R0X3=R3
                 	.DEF R0X4=R4
                 	.DEF R0X5=R5
                 	.DEF R0X6=R6
                 	.DEF R0X7=R7
                 	.DEF R0X8=R8
                 	.DEF R0X9=R9
                 	.DEF R0XA=R10
                 	.DEF R0XB=R11
                 	.DEF R0XC=R12
                 	.DEF R0XD=R13
                 	.DEF R0XE=R14
                 	.DEF R0XF=R15
                 	.DEF R0X10=R16
                 	.DEF R0X11=R17
                 	.DEF R0X12=R18
                 	.DEF R0X13=R19
                 	.DEF R0X14=R20
                 	.DEF R0X15=R21
                 	.DEF R0X16=R22
                 	.DEF R0X17=R23
                 	.DEF R0X18=R24
                 	.DEF R0X19=R25
                 	.DEF R0X1A=R26
                 	.DEF R0X1B=R27
                 	.DEF R0X1C=R28
                 	.DEF R0X1D=R29
                 	.DEF R0X1E=R30
                 	.DEF R0X1F=R31
                 
                 	.EQU __SRAM_START=0x0100
                 	.EQU __SRAM_END=0x08FF
                 	.EQU __DSTACK_SIZE=0x0200
                 	.EQU __HEAP_SIZE=0x0000
                 	.EQU __CLEAR_SRAM_SIZE=__SRAM_END-__SRAM_START+1
                 
                 	.MACRO __CPD1N
                 	CPI  R30,LOW(@0)
                 	LDI  R26,HIGH(@0)
                 	CPC  R31,R26
                 	LDI  R26,BYTE3(@0)
                 	CPC  R22,R26
                 	LDI  R26,BYTE4(@0)
                 	CPC  R23,R26
                 	.ENDM
                 
                 	.MACRO __CPD2N
                 	CPI  R26,LOW(@0)
                 	LDI  R30,HIGH(@0)
                 	CPC  R27,R30
                 	LDI  R30,BYTE3(@0)
                 	CPC  R24,R30
                 	LDI  R30,BYTE4(@0)
                 	CPC  R25,R30
                 	.ENDM
                 
                 	.MACRO __CPWRR
                 	CP   R@0,R@2
                 	CPC  R@1,R@3
                 	.ENDM
                 
                 	.MACRO __CPWRN
                 	CPI  R@0,LOW(@2)
                 	LDI  R30,HIGH(@2)
                 	CPC  R@1,R30
                 	.ENDM
                 
                 	.MACRO __ADDB1MN
                 	SUBI R30,LOW(-@0-(@1))
                 	.ENDM
                 
                 	.MACRO __ADDB2MN
                 	SUBI R26,LOW(-@0-(@1))
                 	.ENDM
                 
                 	.MACRO __ADDW1MN
                 	SUBI R30,LOW(-@0-(@1))
                 	SBCI R31,HIGH(-@0-(@1))
                 	.ENDM
                 
                 	.MACRO __ADDW2MN
                 	SUBI R26,LOW(-@0-(@1))
                 	SBCI R27,HIGH(-@0-(@1))
                 	.ENDM
                 
                 	.MACRO __ADDW1FN
                 	SUBI R30,LOW(-2*@0-(@1))
                 	SBCI R31,HIGH(-2*@0-(@1))
                 	.ENDM
                 
                 	.MACRO __ADDD1FN
                 	SUBI R30,LOW(-2*@0-(@1))
                 	SBCI R31,HIGH(-2*@0-(@1))
                 	SBCI R22,BYTE3(-2*@0-(@1))
                 	.ENDM
                 
                 	.MACRO __ADDD1N
                 	SUBI R30,LOW(-@0)
                 	SBCI R31,HIGH(-@0)
                 	SBCI R22,BYTE3(-@0)
                 	SBCI R23,BYTE4(-@0)
                 	.ENDM
                 
                 	.MACRO __ADDD2N
                 	SUBI R26,LOW(-@0)
                 	SBCI R27,HIGH(-@0)
                 	SBCI R24,BYTE3(-@0)
                 	SBCI R25,BYTE4(-@0)
                 	.ENDM
                 
                 	.MACRO __SUBD1N
                 	SUBI R30,LOW(@0)
                 	SBCI R31,HIGH(@0)
                 	SBCI R22,BYTE3(@0)
                 	SBCI R23,BYTE4(@0)
                 	.ENDM
                 
                 	.MACRO __SUBD2N
                 	SUBI R26,LOW(@0)
                 	SBCI R27,HIGH(@0)
                 	SBCI R24,BYTE3(@0)
                 	SBCI R25,BYTE4(@0)
                 	.ENDM
                 
                 	.MACRO __ANDBMNN
                 	LDS  R30,@0+(@1)
                 	ANDI R30,LOW(@2)
                 	STS  @0+(@1),R30
                 	.ENDM
                 
                 	.MACRO __ANDWMNN
                 	LDS  R30,@0+(@1)
                 	ANDI R30,LOW(@2)
                 	STS  @0+(@1),R30
                 	LDS  R30,@0+(@1)+1
                 	ANDI R30,HIGH(@2)
                 	STS  @0+(@1)+1,R30
                 	.ENDM
                 
                 	.MACRO __ANDD1N
                 	ANDI R30,LOW(@0)
                 	ANDI R31,HIGH(@0)
                 	ANDI R22,BYTE3(@0)
                 	ANDI R23,BYTE4(@0)
                 	.ENDM
                 
                 	.MACRO __ANDD2N
                 	ANDI R26,LOW(@0)
                 	ANDI R27,HIGH(@0)
                 	ANDI R24,BYTE3(@0)
                 	ANDI R25,BYTE4(@0)
                 	.ENDM
                 
                 	.MACRO __ORBMNN
                 	LDS  R30,@0+(@1)
                 	ORI  R30,LOW(@2)
                 	STS  @0+(@1),R30
                 	.ENDM
                 
                 	.MACRO __ORWMNN
                 	LDS  R30,@0+(@1)
                 	ORI  R30,LOW(@2)
                 	STS  @0+(@1),R30
                 	LDS  R30,@0+(@1)+1
                 	ORI  R30,HIGH(@2)
                 	STS  @0+(@1)+1,R30
                 	.ENDM
                 
                 	.MACRO __ORD1N
                 	ORI  R30,LOW(@0)
                 	ORI  R31,HIGH(@0)
                 	ORI  R22,BYTE3(@0)
                 	ORI  R23,BYTE4(@0)
                 	.ENDM
                 
                 	.MACRO __ORD2N
                 	ORI  R26,LOW(@0)
                 	ORI  R27,HIGH(@0)
                 	ORI  R24,BYTE3(@0)
                 	ORI  R25,BYTE4(@0)
                 	.ENDM
                 
                 	.MACRO __DELAY_USB
                 	LDI  R24,LOW(@0)
                 __DELAY_USB_LOOP:
                 	DEC  R24
                 	BRNE __DELAY_USB_LOOP
                 	.ENDM
                 
                 	.MACRO __DELAY_USW
                 	LDI  R24,LOW(@0)
                 	LDI  R25,HIGH(@0)
                 __DELAY_USW_LOOP:
                 	SBIW R24,1
                 	BRNE __DELAY_USW_LOOP
                 	.ENDM
                 
                 	.MACRO __GETD1S
                 	LDD  R30,Y+@0
                 	LDD  R31,Y+@0+1
                 	LDD  R22,Y+@0+2
                 	LDD  R23,Y+@0+3
                 	.ENDM
                 
                 	.MACRO __GETD2S
                 	LDD  R26,Y+@0
                 	LDD  R27,Y+@0+1
                 	LDD  R24,Y+@0+2
                 	LDD  R25,Y+@0+3
                 	.ENDM
                 
                 	.MACRO __PUTD1S
                 	STD  Y+@0,R30
                 	STD  Y+@0+1,R31
                 	STD  Y+@0+2,R22
                 	STD  Y+@0+3,R23
                 	.ENDM
                 
                 	.MACRO __PUTD2S
                 	STD  Y+@0,R26
                 	STD  Y+@0+1,R27
                 	STD  Y+@0+2,R24
                 	STD  Y+@0+3,R25
                 	.ENDM
                 
                 	.MACRO __PUTDZ2
                 	STD  Z+@0,R26
                 	STD  Z+@0+1,R27
                 	STD  Z+@0+2,R24
                 	STD  Z+@0+3,R25
                 	.ENDM
                 
                 	.MACRO __CLRD1S
                 	STD  Y+@0,R30
                 	STD  Y+@0+1,R30
                 	STD  Y+@0+2,R30
                 	STD  Y+@0+3,R30
                 	.ENDM
                 
                 	.MACRO __POINTB1MN
                 	LDI  R30,LOW(@0+(@1))
                 	.ENDM
                 
                 	.MACRO __POINTW1MN
                 	LDI  R30,LOW(@0+(@1))
                 	LDI  R31,HIGH(@0+(@1))
                 	.ENDM
                 
                 	.MACRO __POINTD1M
                 	LDI  R30,LOW(@0)
                 	LDI  R31,HIGH(@0)
                 	LDI  R22,BYTE3(@0)
                 	LDI  R23,BYTE4(@0)
                 	.ENDM
                 
                 	.MACRO __POINTW1FN
                 	LDI  R30,LOW(2*@0+(@1))
                 	LDI  R31,HIGH(2*@0+(@1))
                 	.ENDM
                 
                 	.MACRO __POINTD1FN
                 	LDI  R30,LOW(2*@0+(@1))
                 	LDI  R31,HIGH(2*@0+(@1))
                 	LDI  R22,BYTE3(2*@0+(@1))
                 	LDI  R23,BYTE4(2*@0+(@1))
                 	.ENDM
                 
                 	.MACRO __POINTB2MN
                 	LDI  R26,LOW(@0+(@1))
                 	.ENDM
                 
                 	.MACRO __POINTW2MN
                 	LDI  R26,LOW(@0+(@1))
                 	LDI  R27,HIGH(@0+(@1))
                 	.ENDM
                 
                 	.MACRO __POINTW2FN
                 	LDI  R26,LOW(2*@0+(@1))
                 	LDI  R27,HIGH(2*@0+(@1))
                 	.ENDM
                 
                 	.MACRO __POINTD2FN
                 	LDI  R26,LOW(2*@0+(@1))
                 	LDI  R27,HIGH(2*@0+(@1))
                 	LDI  R24,BYTE3(2*@0+(@1))
                 	LDI  R25,BYTE4(2*@0+(@1))
                 	.ENDM
                 
                 	.MACRO __POINTBRM
                 	LDI  R@0,LOW(@1)
                 	.ENDM
                 
                 	.MACRO __POINTWRM
                 	LDI  R@0,LOW(@2)
                 	LDI  R@1,HIGH(@2)
                 	.ENDM
                 
                 	.MACRO __POINTBRMN
                 	LDI  R@0,LOW(@1+(@2))
                 	.ENDM
                 
                 	.MACRO __POINTWRMN
                 	LDI  R@0,LOW(@2+(@3))
                 	LDI  R@1,HIGH(@2+(@3))
                 	.ENDM
                 
                 	.MACRO __POINTWRFN
                 	LDI  R@0,LOW(@2*2+(@3))
                 	LDI  R@1,HIGH(@2*2+(@3))
                 	.ENDM
                 
                 	.MACRO __GETD1N
                 	LDI  R30,LOW(@0)
                 	LDI  R31,HIGH(@0)
                 	LDI  R22,BYTE3(@0)
                 	LDI  R23,BYTE4(@0)
                 	.ENDM
                 
                 	.MACRO __GETD2N
                 	LDI  R26,LOW(@0)
                 	LDI  R27,HIGH(@0)
                 	LDI  R24,BYTE3(@0)
                 	LDI  R25,BYTE4(@0)
                 	.ENDM
                 
                 	.MACRO __GETB1MN
                 	LDS  R30,@0+(@1)
                 	.ENDM
                 
                 	.MACRO __GETB1HMN
                 	LDS  R31,@0+(@1)
                 	.ENDM
                 
                 	.MACRO __GETW1MN
                 	LDS  R30,@0+(@1)
                 	LDS  R31,@0+(@1)+1
                 	.ENDM
                 
                 	.MACRO __GETD1MN
                 	LDS  R30,@0+(@1)
                 	LDS  R31,@0+(@1)+1
                 	LDS  R22,@0+(@1)+2
                 	LDS  R23,@0+(@1)+3
                 	.ENDM
                 
                 	.MACRO __GETBRMN
                 	LDS  R@0,@1+(@2)
                 	.ENDM
                 
                 	.MACRO __GETWRMN
                 	LDS  R@0,@2+(@3)
                 	LDS  R@1,@2+(@3)+1
                 	.ENDM
                 
                 	.MACRO __GETWRZ
                 	LDD  R@0,Z+@2
                 	LDD  R@1,Z+@2+1
                 	.ENDM
                 
                 	.MACRO __GETD2Z
                 	LDD  R26,Z+@0
                 	LDD  R27,Z+@0+1
                 	LDD  R24,Z+@0+2
                 	LDD  R25,Z+@0+3
                 	.ENDM
                 
                 	.MACRO __GETB2MN
                 	LDS  R26,@0+(@1)
                 	.ENDM
                 
                 	.MACRO __GETW2MN
                 	LDS  R26,@0+(@1)
                 	LDS  R27,@0+(@1)+1
                 	.ENDM
                 
                 	.MACRO __GETD2MN
                 	LDS  R26,@0+(@1)
                 	LDS  R27,@0+(@1)+1
                 	LDS  R24,@0+(@1)+2
                 	LDS  R25,@0+(@1)+3
                 	.ENDM
                 
                 	.MACRO __PUTB1MN
                 	STS  @0+(@1),R30
                 	.ENDM
                 
                 	.MACRO __PUTW1MN
                 	STS  @0+(@1),R30
                 	STS  @0+(@1)+1,R31
                 	.ENDM
                 
                 	.MACRO __PUTD1MN
                 	STS  @0+(@1),R30
                 	STS  @0+(@1)+1,R31
                 	STS  @0+(@1)+2,R22
                 	STS  @0+(@1)+3,R23
                 	.ENDM
                 
                 	.MACRO __PUTB1EN
                 	LDI  R26,LOW(@0+(@1))
                 	LDI  R27,HIGH(@0+(@1))
                 	CALL __EEPROMWRB
                 	.ENDM
                 
                 	.MACRO __PUTW1EN
                 	LDI  R26,LOW(@0+(@1))
                 	LDI  R27,HIGH(@0+(@1))
                 	CALL __EEPROMWRW
                 	.ENDM
                 
                 	.MACRO __PUTD1EN
                 	LDI  R26,LOW(@0+(@1))
                 	LDI  R27,HIGH(@0+(@1))
                 	CALL __EEPROMWRD
                 	.ENDM
                 
                 	.MACRO __PUTBR0MN
                 	STS  @0+(@1),R0
                 	.ENDM
                 
                 	.MACRO __PUTBMRN
                 	STS  @0+(@1),R@2
                 	.ENDM
                 
                 	.MACRO __PUTWMRN
                 	STS  @0+(@1),R@2
                 	STS  @0+(@1)+1,R@3
                 	.ENDM
                 
                 	.MACRO __PUTBZR
                 	STD  Z+@1,R@0
                 	.ENDM
                 
                 	.MACRO __PUTWZR
                 	STD  Z+@2,R@0
                 	STD  Z+@2+1,R@1
                 	.ENDM
                 
                 	.MACRO __GETW1R
                 	MOV  R30,R@0
                 	MOV  R31,R@1
                 	.ENDM
                 
                 	.MACRO __GETW2R
                 	MOV  R26,R@0
                 	MOV  R27,R@1
                 	.ENDM
                 
                 	.MACRO __GETWRN
                 	LDI  R@0,LOW(@2)
                 	LDI  R@1,HIGH(@2)
                 	.ENDM
                 
                 	.MACRO __PUTW1R
                 	MOV  R@0,R30
                 	MOV  R@1,R31
                 	.ENDM
                 
                 	.MACRO __PUTW2R
                 	MOV  R@0,R26
                 	MOV  R@1,R27
                 	.ENDM
                 
                 	.MACRO __ADDWRN
                 	SUBI R@0,LOW(-@2)
                 	SBCI R@1,HIGH(-@2)
                 	.ENDM
                 
                 	.MACRO __ADDWRR
                 	ADD  R@0,R@2
                 	ADC  R@1,R@3
                 	.ENDM
                 
                 	.MACRO __SUBWRN
                 	SUBI R@0,LOW(@2)
                 	SBCI R@1,HIGH(@2)
                 	.ENDM
                 
                 	.MACRO __SUBWRR
                 	SUB  R@0,R@2
                 	SBC  R@1,R@3
                 	.ENDM
                 
                 	.MACRO __ANDWRN
                 	ANDI R@0,LOW(@2)
                 	ANDI R@1,HIGH(@2)
                 	.ENDM
                 
                 	.MACRO __ANDWRR
                 	AND  R@0,R@2
                 	AND  R@1,R@3
                 	.ENDM
                 
                 	.MACRO __ORWRN
                 	ORI  R@0,LOW(@2)
                 	ORI  R@1,HIGH(@2)
                 	.ENDM
                 
                 	.MACRO __ORWRR
                 	OR   R@0,R@2
                 	OR   R@1,R@3
                 	.ENDM
                 
                 	.MACRO __EORWRR
                 	EOR  R@0,R@2
                 	EOR  R@1,R@3
                 	.ENDM
                 
                 	.MACRO __GETWRS
                 	LDD  R@0,Y+@2
                 	LDD  R@1,Y+@2+1
                 	.ENDM
                 
                 	.MACRO __PUTBSR
                 	STD  Y+@1,R@0
                 	.ENDM
                 
                 	.MACRO __PUTWSR
                 	STD  Y+@2,R@0
                 	STD  Y+@2+1,R@1
                 	.ENDM
                 
                 	.MACRO __MOVEWRR
                 	MOV  R@0,R@2
                 	MOV  R@1,R@3
                 	.ENDM
                 
                 	.MACRO __INWR
                 	IN   R@0,@2
                 	IN   R@1,@2+1
                 	.ENDM
                 
                 	.MACRO __OUTWR
                 	OUT  @2+1,R@1
                 	OUT  @2,R@0
                 	.ENDM
                 
                 	.MACRO __CALL1MN
                 	LDS  R30,@0+(@1)
                 	LDS  R31,@0+(@1)+1
                 	ICALL
                 	.ENDM
                 
                 	.MACRO __CALL1FN
                 	LDI  R30,LOW(2*@0+(@1))
                 	LDI  R31,HIGH(2*@0+(@1))
                 	CALL __GETW1PF
                 	ICALL
                 	.ENDM
                 
                 	.MACRO __CALL2EN
                 	PUSH R26
                 	PUSH R27
                 	LDI  R26,LOW(@0+(@1))
                 	LDI  R27,HIGH(@0+(@1))
                 	CALL __EEPROMRDW
                 	POP  R27
                 	POP  R26
                 	ICALL
                 	.ENDM
                 
                 	.MACRO __CALL2EX
                 	SUBI R26,LOW(-@0)
                 	SBCI R27,HIGH(-@0)
                 	CALL __EEPROMRDD
                 	ICALL
                 	.ENDM
                 
                 	.MACRO __GETW1STACK
                 	IN   R30,SPL
                 	IN   R31,SPH
                 	ADIW R30,@0+1
                 	LD   R0,Z+
                 	LD   R31,Z
                 	MOV  R30,R0
                 	.ENDM
                 
                 	.MACRO __GETD1STACK
                 	IN   R30,SPL
                 	IN   R31,SPH
                 	ADIW R30,@0+1
                 	LD   R0,Z+
                 	LD   R1,Z+
                 	LD   R22,Z
                 	MOVW R30,R0
                 	.ENDM
                 
                 	.MACRO __NBST
                 	BST  R@0,@1
                 	IN   R30,SREG
                 	LDI  R31,0x40
                 	EOR  R30,R31
                 	OUT  SREG,R30
                 	.ENDM
                 
                 
                 	.MACRO __PUTB1SN
                 	LDD  R26,Y+@0
                 	LDD  R27,Y+@0+1
                 	SUBI R26,LOW(-@1)
                 	SBCI R27,HIGH(-@1)
                 	ST   X,R30
                 	.ENDM
                 
                 	.MACRO __PUTW1SN
                 	LDD  R26,Y+@0
                 	LDD  R27,Y+@0+1
                 	SUBI R26,LOW(-@1)
                 	SBCI R27,HIGH(-@1)
                 	ST   X+,R30
                 	ST   X,R31
                 	.ENDM
                 
                 	.MACRO __PUTD1SN
                 	LDD  R26,Y+@0
                 	LDD  R27,Y+@0+1
                 	SUBI R26,LOW(-@1)
                 	SBCI R27,HIGH(-@1)
                 	CALL __PUTDP1
                 	.ENDM
                 
                 	.MACRO __PUTB1SNS
                 	LDD  R26,Y+@0
                 	LDD  R27,Y+@0+1
                 	ADIW R26,@1
                 	ST   X,R30
                 	.ENDM
                 
                 	.MACRO __PUTW1SNS
                 	LDD  R26,Y+@0
                 	LDD  R27,Y+@0+1
                 	ADIW R26,@1
                 	ST   X+,R30
                 	ST   X,R31
                 	.ENDM
                 
                 	.MACRO __PUTD1SNS
                 	LDD  R26,Y+@0
                 	LDD  R27,Y+@0+1
                 	ADIW R26,@1
                 	CALL __PUTDP1
                 	.ENDM
                 
                 	.MACRO __PUTB1PMN
                 	LDS  R26,@0
                 	LDS  R27,@0+1
                 	SUBI R26,LOW(-@1)
                 	SBCI R27,HIGH(-@1)
                 	ST   X,R30
                 	.ENDM
                 
                 	.MACRO __PUTW1PMN
                 	LDS  R26,@0
                 	LDS  R27,@0+1
                 	SUBI R26,LOW(-@1)
                 	SBCI R27,HIGH(-@1)
                 	ST   X+,R30
                 	ST   X,R31
                 	.ENDM
                 
                 	.MACRO __PUTD1PMN
                 	LDS  R26,@0
                 	LDS  R27,@0+1
                 	SUBI R26,LOW(-@1)
                 	SBCI R27,HIGH(-@1)
                 	CALL __PUTDP1
                 	.ENDM
                 
                 	.MACRO __PUTB1PMNS
                 	LDS  R26,@0
                 	LDS  R27,@0+1
                 	ADIW R26,@1
                 	ST   X,R30
                 	.ENDM
                 
                 	.MACRO __PUTW1PMNS
                 	LDS  R26,@0
                 	LDS  R27,@0+1
                 	ADIW R26,@1
                 	ST   X+,R30
                 	ST   X,R31
                 	.ENDM
                 
                 	.MACRO __PUTD1PMNS
                 	LDS  R26,@0
                 	LDS  R27,@0+1
                 	ADIW R26,@1
                 	CALL __PUTDP1
                 	.ENDM
                 
                 	.MACRO __PUTB1RN
                 	MOVW R26,R@0
                 	SUBI R26,LOW(-@1)
                 	SBCI R27,HIGH(-@1)
                 	ST   X,R30
                 	.ENDM
                 
                 	.MACRO __PUTW1RN
                 	MOVW R26,R@0
                 	SUBI R26,LOW(-@1)
                 	SBCI R27,HIGH(-@1)
                 	ST   X+,R30
                 	ST   X,R31
                 	.ENDM
                 
                 	.MACRO __PUTD1RN
                 	MOVW R26,R@0
                 	SUBI R26,LOW(-@1)
                 	SBCI R27,HIGH(-@1)
                 	CALL __PUTDP1
                 	.ENDM
                 
                 	.MACRO __PUTB1RNS
                 	MOVW R26,R@0
                 	ADIW R26,@1
                 	ST   X,R30
                 	.ENDM
                 
                 	.MACRO __PUTW1RNS
                 	MOVW R26,R@0
                 	ADIW R26,@1
                 	ST   X+,R30
                 	ST   X,R31
                 	.ENDM
                 
                 	.MACRO __PUTD1RNS
                 	MOVW R26,R@0
                 	ADIW R26,@1
                 	CALL __PUTDP1
                 	.ENDM
                 
                 	.MACRO __PUTB1RON
                 	MOV  R26,R@0
                 	MOV  R27,R@1
                 	SUBI R26,LOW(-@2)
                 	SBCI R27,HIGH(-@2)
                 	ST   X,R30
                 	.ENDM
                 
                 	.MACRO __PUTW1RON
                 	MOV  R26,R@0
                 	MOV  R27,R@1
                 	SUBI R26,LOW(-@2)
                 	SBCI R27,HIGH(-@2)
                 	ST   X+,R30
                 	ST   X,R31
                 	.ENDM
                 
                 	.MACRO __PUTD1RON
                 	MOV  R26,R@0
                 	MOV  R27,R@1
                 	SUBI R26,LOW(-@2)
                 	SBCI R27,HIGH(-@2)
                 	CALL __PUTDP1
                 	.ENDM
                 
                 	.MACRO __PUTB1RONS
                 	MOV  R26,R@0
                 	MOV  R27,R@1
                 	ADIW R26,@2
                 	ST   X,R30
                 	.ENDM
                 
                 	.MACRO __PUTW1RONS
                 	MOV  R26,R@0
                 	MOV  R27,R@1
                 	ADIW R26,@2
                 	ST   X+,R30
                 	ST   X,R31
                 	.ENDM
                 
                 	.MACRO __PUTD1RONS
                 	MOV  R26,R@0
                 	MOV  R27,R@1
                 	ADIW R26,@2
                 	CALL __PUTDP1
                 	.ENDM
                 
                 
                 	.MACRO __GETB1SX
                 	MOVW R30,R28
                 	SUBI R30,LOW(-@0)
                 	SBCI R31,HIGH(-@0)
                 	LD   R30,Z
                 	.ENDM
                 
                 	.MACRO __GETB1HSX
                 	MOVW R30,R28
                 	SUBI R30,LOW(-@0)
                 	SBCI R31,HIGH(-@0)
                 	LD   R31,Z
                 	.ENDM
                 
                 	.MACRO __GETW1SX
                 	MOVW R30,R28
                 	SUBI R30,LOW(-@0)
                 	SBCI R31,HIGH(-@0)
                 	LD   R0,Z+
                 	LD   R31,Z
                 	MOV  R30,R0
                 	.ENDM
                 
                 	.MACRO __GETD1SX
                 	MOVW R30,R28
                 	SUBI R30,LOW(-@0)
                 	SBCI R31,HIGH(-@0)
                 	LD   R0,Z+
                 	LD   R1,Z+
                 	LD   R22,Z+
                 	LD   R23,Z
                 	MOVW R30,R0
                 	.ENDM
                 
                 	.MACRO __GETB2SX
                 	MOVW R26,R28
                 	SUBI R26,LOW(-@0)
                 	SBCI R27,HIGH(-@0)
                 	LD   R26,X
                 	.ENDM
                 
                 	.MACRO __GETW2SX
                 	MOVW R26,R28
                 	SUBI R26,LOW(-@0)
                 	SBCI R27,HIGH(-@0)
                 	LD   R0,X+
                 	LD   R27,X
                 	MOV  R26,R0
                 	.ENDM
                 
                 	.MACRO __GETD2SX
                 	MOVW R26,R28
                 	SUBI R26,LOW(-@0)
                 	SBCI R27,HIGH(-@0)
                 	LD   R0,X+
                 	LD   R1,X+
                 	LD   R24,X+
                 	LD   R25,X
                 	MOVW R26,R0
                 	.ENDM
                 
                 	.MACRO __GETBRSX
                 	MOVW R30,R28
                 	SUBI R30,LOW(-@1)
                 	SBCI R31,HIGH(-@1)
                 	LD   R@0,Z
                 	.ENDM
                 
                 	.MACRO __GETWRSX
                 	MOVW R30,R28
                 	SUBI R30,LOW(-@2)
                 	SBCI R31,HIGH(-@2)
                 	LD   R@0,Z+
                 	LD   R@1,Z
                 	.ENDM
                 
                 	.MACRO __GETBRSX2
                 	MOVW R26,R28
                 	SUBI R26,LOW(-@1)
                 	SBCI R27,HIGH(-@1)
                 	LD   R@0,X
                 	.ENDM
                 
                 	.MACRO __GETWRSX2
                 	MOVW R26,R28
                 	SUBI R26,LOW(-@2)
                 	SBCI R27,HIGH(-@2)
                 	LD   R@0,X+
                 	LD   R@1,X
                 	.ENDM
                 
                 	.MACRO __LSLW8SX
                 	MOVW R30,R28
                 	SUBI R30,LOW(-@0)
                 	SBCI R31,HIGH(-@0)
                 	LD   R31,Z
                 	CLR  R30
                 	.ENDM
                 
                 	.MACRO __PUTB1SX
                 	MOVW R26,R28
                 	SUBI R26,LOW(-@0)
                 	SBCI R27,HIGH(-@0)
                 	ST   X,R30
                 	.ENDM
                 
                 	.MACRO __PUTW1SX
                 	MOVW R26,R28
                 	SUBI R26,LOW(-@0)
                 	SBCI R27,HIGH(-@0)
                 	ST   X+,R30
                 	ST   X,R31
                 	.ENDM
                 
                 	.MACRO __PUTD1SX
                 	MOVW R26,R28
                 	SUBI R26,LOW(-@0)
                 	SBCI R27,HIGH(-@0)
                 	ST   X+,R30
                 	ST   X+,R31
                 	ST   X+,R22
                 	ST   X,R23
                 	.ENDM
                 
                 	.MACRO __CLRW1SX
                 	MOVW R26,R28
                 	SUBI R26,LOW(-@0)
                 	SBCI R27,HIGH(-@0)
                 	ST   X+,R30
                 	ST   X,R30
                 	.ENDM
                 
                 	.MACRO __CLRD1SX
                 	MOVW R26,R28
                 	SUBI R26,LOW(-@0)
                 	SBCI R27,HIGH(-@0)
                 	ST   X+,R30
                 	ST   X+,R30
                 	ST   X+,R30
                 	ST   X,R30
                 	.ENDM
                 
                 	.MACRO __PUTB2SX
                 	MOVW R30,R28
                 	SUBI R30,LOW(-@0)
                 	SBCI R31,HIGH(-@0)
                 	ST   Z,R26
                 	.ENDM
                 
                 	.MACRO __PUTW2SX
                 	MOVW R30,R28
                 	SUBI R30,LOW(-@0)
                 	SBCI R31,HIGH(-@0)
                 	ST   Z+,R26
                 	ST   Z,R27
                 	.ENDM
                 
                 	.MACRO __PUTD2SX
                 	MOVW R30,R28
                 	SUBI R30,LOW(-@0)
                 	SBCI R31,HIGH(-@0)
                 	ST   Z+,R26
                 	ST   Z+,R27
                 	ST   Z+,R24
                 	ST   Z,R25
                 	.ENDM
                 
                 	.MACRO __PUTBSRX
                 	MOVW R30,R28
                 	SUBI R30,LOW(-@1)
                 	SBCI R31,HIGH(-@1)
                 	ST   Z,R@0
                 	.ENDM
                 
                 	.MACRO __PUTWSRX
                 	MOVW R30,R28
                 	SUBI R30,LOW(-@2)
                 	SBCI R31,HIGH(-@2)
                 	ST   Z+,R@0
                 	ST   Z,R@1
                 	.ENDM
                 
                 	.MACRO __PUTB1SNX
                 	MOVW R26,R28
                 	SUBI R26,LOW(-@0)
                 	SBCI R27,HIGH(-@0)
                 	LD   R0,X+
                 	LD   R27,X
                 	MOV  R26,R0
                 	SUBI R26,LOW(-@1)
                 	SBCI R27,HIGH(-@1)
                 	ST   X,R30
                 	.ENDM
                 
                 	.MACRO __PUTW1SNX
                 	MOVW R26,R28
                 	SUBI R26,LOW(-@0)
                 	SBCI R27,HIGH(-@0)
                 	LD   R0,X+
                 	LD   R27,X
                 	MOV  R26,R0
                 	SUBI R26,LOW(-@1)
                 	SBCI R27,HIGH(-@1)
                 	ST   X+,R30
                 	ST   X,R31
                 	.ENDM
                 
                 	.MACRO __PUTD1SNX
                 	MOVW R26,R28
                 	SUBI R26,LOW(-@0)
                 	SBCI R27,HIGH(-@0)
                 	LD   R0,X+
                 	LD   R27,X
                 	MOV  R26,R0
                 	SUBI R26,LOW(-@1)
                 	SBCI R27,HIGH(-@1)
                 	ST   X+,R30
                 	ST   X+,R31
                 	ST   X+,R22
                 	ST   X,R23
                 	.ENDM
                 
                 	.MACRO __MULBRR
                 	MULS R@0,R@1
                 	MOVW R30,R0
                 	.ENDM
                 
                 	.MACRO __MULBRRU
                 	MUL  R@0,R@1
                 	MOVW R30,R0
                 	.ENDM
                 
                 	.MACRO __MULBRR0
                 	MULS R@0,R@1
                 	.ENDM
                 
                 	.MACRO __MULBRRU0
                 	MUL  R@0,R@1
                 	.ENDM
                 
                 	.MACRO __MULBNWRU
                 	LDI  R26,@2
                 	MUL  R26,R@0
                 	MOVW R30,R0
                 	MUL  R26,R@1
                 	ADD  R31,R0
                 	.ENDM
                 
                 ;GPIOR0 INITIALIZATION VALUE
                 	.EQU __GPIOR0_INIT=0x00
                 
                 	.CSEG
                 	.ORG 0x00
                 
                 ;START OF CODE MARKER
                 __START_OF_CODE:
                 
                 ;INTERRUPT VECTORS
000000 940c 0234 	JMP  __RESET
000002 940c 0000 	JMP  0x00
000004 940c 0000 	JMP  0x00
000006 940c 0000 	JMP  0x00
000008 940c 0000 	JMP  0x00
00000a 940c 0000 	JMP  0x00
00000c 940c 0000 	JMP  0x00
00000e 940c 0000 	JMP  0x00
000010 940c 0000 	JMP  0x00
000012 940c 0000 	JMP  0x00
000014 940c 0000 	JMP  0x00
000016 940c 0000 	JMP  0x00
000018 940c 0000 	JMP  0x00
00001a 940c 0000 	JMP  0x00
00001c 940c 0000 	JMP  0x00
00001e 940c 0000 	JMP  0x00
000020 940c 0000 	JMP  0x00
000022 940c 0000 	JMP  0x00
000024 940c 0000 	JMP  0x00
000026 940c 0000 	JMP  0x00
000028 940c 0000 	JMP  0x00
00002a 940c 0000 	JMP  0x00
00002c 940c 0000 	JMP  0x00
00002e 940c 0000 	JMP  0x00
000030 940c 0000 	JMP  0x00
000032 940c 0000 	JMP  0x00
                 
                 _samples:
000034 0800
000035 0819
000036 0832
000037 084b      	.DB  0x0,0x8,0x19,0x8,0x32,0x8,0x4B,0x8
000038 0864
000039 087e
00003a 0897
00003b 08b0      	.DB  0x64,0x8,0x7E,0x8,0x97,0x8,0xB0,0x8
00003c 08c9
00003d 08e2
00003e 08fb
00003f 0914      	.DB  0xC9,0x8,0xE2,0x8,0xFB,0x8,0x14,0x9
000040 092d
000041 0945
000042 095e
000043 0977      	.DB  0x2D,0x9,0x45,0x9,0x5E,0x9,0x77,0x9
000044 0990
000045 09a8
000046 09c1
000047 09d9      	.DB  0x90,0x9,0xA8,0x9,0xC1,0x9,0xD9,0x9
000048 09f2
000049 0a0a
00004a 0a22
00004b 0a3a      	.DB  0xF2,0x9,0xA,0xA,0x22,0xA,0x3A,0xA
00004c 0a53
00004d 0a6b
00004e 0a82
00004f 0a9a      	.DB  0x53,0xA,0x6B,0xA,0x82,0xA,0x9A,0xA
000050 0ab2
000051 0aca
000052 0ae1
000053 0af8      	.DB  0xB2,0xA,0xCA,0xA,0xE1,0xA,0xF8,0xA
000054 0b10
000055 0b27
000056 0b3e
000057 0b55      	.DB  0x10,0xB,0x27,0xB,0x3E,0xB,0x55,0xB
000058 0b6c
000059 0b82
00005a 0b99
00005b 0baf      	.DB  0x6C,0xB,0x82,0xB,0x99,0xB,0xAF,0xB
00005c 0bc5
00005d 0bdc
00005e 0bf1
00005f 0c07      	.DB  0xC5,0xB,0xDC,0xB,0xF1,0xB,0x7,0xC
000060 0c1d
000061 0c32
000062 0c48
000063 0c5d      	.DB  0x1D,0xC,0x32,0xC,0x48,0xC,0x5D,0xC
000064 0c72
000065 0c87
000066 0c9b
000067 0cb0      	.DB  0x72,0xC,0x87,0xC,0x9B,0xC,0xB0,0xC
000068 0cc4
000069 0cd8
00006a 0cec
00006b 0d00      	.DB  0xC4,0xC,0xD8,0xC,0xEC,0xC,0x0,0xD
00006c 0d13
00006d 0d27
00006e 0d3a
00006f 0d4d      	.DB  0x13,0xD,0x27,0xD,0x3A,0xD,0x4D,0xD
000070 0d5f
000071 0d72
000072 0d84
000073 0d96      	.DB  0x5F,0xD,0x72,0xD,0x84,0xD,0x96,0xD
000074 0da8
000075 0dba
000076 0dcb
000077 0ddc      	.DB  0xA8,0xD,0xBA,0xD,0xCB,0xD,0xDC,0xD
000078 0ded
000079 0dfe
00007a 0e0f
00007b 0e1f      	.DB  0xED,0xD,0xFE,0xD,0xF,0xE,0x1F,0xE
00007c 0e2f
00007d 0e3f
00007e 0e4f
00007f 0e5e      	.DB  0x2F,0xE,0x3F,0xE,0x4F,0xE,0x5E,0xE
000080 0e6d
000081 0e7c
000082 0e8a
000083 0e99      	.DB  0x6D,0xE,0x7C,0xE,0x8A,0xE,0x99,0xE
000084 0ea7
000085 0eb5
000086 0ec2
000087 0ed0      	.DB  0xA7,0xE,0xB5,0xE,0xC2,0xE,0xD0,0xE
000088 0edd
000089 0ee9
00008a 0ef6
00008b 0f02      	.DB  0xDD,0xE,0xE9,0xE,0xF6,0xE,0x2,0xF
00008c 0f0e
00008d 0f1a
00008e 0f25
00008f 0f30      	.DB  0xE,0xF,0x1A,0xF,0x25,0xF,0x30,0xF
000090 0f3b
000091 0f46
000092 0f50
000093 0f5a      	.DB  0x3B,0xF,0x46,0xF,0x50,0xF,0x5A,0xF
000094 0f64
000095 0f6e
000096 0f77
000097 0f80      	.DB  0x64,0xF,0x6E,0xF,0x77,0xF,0x80,0xF
000098 0f88
000099 0f91
00009a 0f99
00009b 0fa0      	.DB  0x88,0xF,0x91,0xF,0x99,0xF,0xA0,0xF
00009c 0fa8
00009d 0faf
00009e 0fb6
00009f 0fbc      	.DB  0xA8,0xF,0xAF,0xF,0xB6,0xF,0xBC,0xF
0000a0 0fc3
0000a1 0fc9
0000a2 0fce
0000a3 0fd4      	.DB  0xC3,0xF,0xC9,0xF,0xCE,0xF,0xD4,0xF
0000a4 0fd9
0000a5 0fdd
0000a6 0fe2
0000a7 0fe6      	.DB  0xD9,0xF,0xDD,0xF,0xE2,0xF,0xE6,0xF
0000a8 0fea
0000a9 0fed
0000aa 0ff1
0000ab 0ff4      	.DB  0xEA,0xF,0xED,0xF,0xF1,0xF,0xF4,0xF
0000ac 0ff6
0000ad 0ff8
0000ae 0ffa
0000af 0ffc      	.DB  0xF6,0xF,0xF8,0xF,0xFA,0xF,0xFC,0xF
0000b0 0ffe
0000b1 0fff
0000b2 0fff
0000b3 0fff      	.DB  0xFE,0xF,0xFF,0xF,0xFF,0xF,0xFF,0xF
0000b4 0fff
0000b5 0fff
0000b6 0fff
0000b7 0fff      	.DB  0xFF,0xF,0xFF,0xF,0xFF,0xF,0xFF,0xF
0000b8 0ffe
0000b9 0ffc
0000ba 0ffa
0000bb 0ff8      	.DB  0xFE,0xF,0xFC,0xF,0xFA,0xF,0xF8,0xF
0000bc 0ff6
0000bd 0ff4
0000be 0ff1
0000bf 0fed      	.DB  0xF6,0xF,0xF4,0xF,0xF1,0xF,0xED,0xF
0000c0 0fea
0000c1 0fe6
0000c2 0fe2
0000c3 0fdd      	.DB  0xEA,0xF,0xE6,0xF,0xE2,0xF,0xDD,0xF
0000c4 0fd9
0000c5 0fd4
0000c6 0fce
0000c7 0fc9      	.DB  0xD9,0xF,0xD4,0xF,0xCE,0xF,0xC9,0xF
0000c8 0fc3
0000c9 0fbc
0000ca 0fb6
0000cb 0faf      	.DB  0xC3,0xF,0xBC,0xF,0xB6,0xF,0xAF,0xF
0000cc 0fa8
0000cd 0fa0
0000ce 0f99
0000cf 0f91      	.DB  0xA8,0xF,0xA0,0xF,0x99,0xF,0x91,0xF
0000d0 0f88
0000d1 0f80
0000d2 0f77
0000d3 0f6e      	.DB  0x88,0xF,0x80,0xF,0x77,0xF,0x6E,0xF
0000d4 0f64
0000d5 0f5a
0000d6 0f50
0000d7 0f46      	.DB  0x64,0xF,0x5A,0xF,0x50,0xF,0x46,0xF
0000d8 0f3b
0000d9 0f30
0000da 0f25
0000db 0f1a      	.DB  0x3B,0xF,0x30,0xF,0x25,0xF,0x1A,0xF
0000dc 0f0e
0000dd 0f02
0000de 0ef6
0000df 0ee9      	.DB  0xE,0xF,0x2,0xF,0xF6,0xE,0xE9,0xE
0000e0 0edd
0000e1 0ed0
0000e2 0ec2
0000e3 0eb5      	.DB  0xDD,0xE,0xD0,0xE,0xC2,0xE,0xB5,0xE
0000e4 0ea7
0000e5 0e99
0000e6 0e8a
0000e7 0e7c      	.DB  0xA7,0xE,0x99,0xE,0x8A,0xE,0x7C,0xE
0000e8 0e6d
0000e9 0e5e
0000ea 0e4f
0000eb 0e3f      	.DB  0x6D,0xE,0x5E,0xE,0x4F,0xE,0x3F,0xE
0000ec 0e2f
0000ed 0e1f
0000ee 0e0f
0000ef 0dfe      	.DB  0x2F,0xE,0x1F,0xE,0xF,0xE,0xFE,0xD
0000f0 0ded
0000f1 0ddc
0000f2 0dcb
0000f3 0dba      	.DB  0xED,0xD,0xDC,0xD,0xCB,0xD,0xBA,0xD
0000f4 0da8
0000f5 0d96
0000f6 0d84
0000f7 0d72      	.DB  0xA8,0xD,0x96,0xD,0x84,0xD,0x72,0xD
0000f8 0d5f
0000f9 0d4d
0000fa 0d3a
0000fb 0d27      	.DB  0x5F,0xD,0x4D,0xD,0x3A,0xD,0x27,0xD
0000fc 0d13
0000fd 0d00
0000fe 0cec
0000ff 0cd8      	.DB  0x13,0xD,0x0,0xD,0xEC,0xC,0xD8,0xC
000100 0cc4
000101 0cb0
000102 0c9b
000103 0c87      	.DB  0xC4,0xC,0xB0,0xC,0x9B,0xC,0x87,0xC
000104 0c72
000105 0c5d
000106 0c48
000107 0c32      	.DB  0x72,0xC,0x5D,0xC,0x48,0xC,0x32,0xC
000108 0c1d
000109 0c07
00010a 0bf1
00010b 0bdc      	.DB  0x1D,0xC,0x7,0xC,0xF1,0xB,0xDC,0xB
00010c 0bc5
00010d 0baf
00010e 0b99
00010f 0b82      	.DB  0xC5,0xB,0xAF,0xB,0x99,0xB,0x82,0xB
000110 0b6c
000111 0b55
000112 0b3e
000113 0b27      	.DB  0x6C,0xB,0x55,0xB,0x3E,0xB,0x27,0xB
000114 0b10
000115 0af8
000116 0ae1
000117 0aca      	.DB  0x10,0xB,0xF8,0xA,0xE1,0xA,0xCA,0xA
000118 0ab2
000119 0a9a
00011a 0a82
00011b 0a6b      	.DB  0xB2,0xA,0x9A,0xA,0x82,0xA,0x6B,0xA
00011c 0a53
00011d 0a3a
00011e 0a22
00011f 0a0a      	.DB  0x53,0xA,0x3A,0xA,0x22,0xA,0xA,0xA
000120 09f2
000121 09d9
000122 09c1
000123 09a8      	.DB  0xF2,0x9,0xD9,0x9,0xC1,0x9,0xA8,0x9
000124 0990
000125 0977
000126 095e
000127 0945      	.DB  0x90,0x9,0x77,0x9,0x5E,0x9,0x45,0x9
000128 092d
000129 0914
00012a 08fb
00012b 08e2      	.DB  0x2D,0x9,0x14,0x9,0xFB,0x8,0xE2,0x8
00012c 08c9
00012d 08b0
00012e 0897
00012f 087e      	.DB  0xC9,0x8,0xB0,0x8,0x97,0x8,0x7E,0x8
000130 0864
000131 084b
000132 0832
000133 0819      	.DB  0x64,0x8,0x4B,0x8,0x32,0x8,0x19,0x8
000134 0800
000135 07e7
000136 07ce
000137 07b5      	.DB  0x0,0x8,0xE7,0x7,0xCE,0x7,0xB5,0x7
000138 079c
000139 0782
00013a 0769
00013b 0750      	.DB  0x9C,0x7,0x82,0x7,0x69,0x7,0x50,0x7
00013c 0737
00013d 071e
00013e 0705
00013f 06ec      	.DB  0x37,0x7,0x1E,0x7,0x5,0x7,0xEC,0x6
000140 06d3
000141 06bb
000142 06a2
000143 0689      	.DB  0xD3,0x6,0xBB,0x6,0xA2,0x6,0x89,0x6
000144 0670
000145 0658
000146 063f
000147 0627      	.DB  0x70,0x6,0x58,0x6,0x3F,0x6,0x27,0x6
000148 060e
000149 05f6
00014a 05de
00014b 05c6      	.DB  0xE,0x6,0xF6,0x5,0xDE,0x5,0xC6,0x5
00014c 05ad
00014d 0595
00014e 057e
00014f 0566      	.DB  0xAD,0x5,0x95,0x5,0x7E,0x5,0x66,0x5
000150 054e
000151 0536
000152 051f
000153 0508      	.DB  0x4E,0x5,0x36,0x5,0x1F,0x5,0x8,0x5
000154 04f0
000155 04d9
000156 04c2
000157 04ab      	.DB  0xF0,0x4,0xD9,0x4,0xC2,0x4,0xAB,0x4
000158 0494
000159 047e
00015a 0467
00015b 0451      	.DB  0x94,0x4,0x7E,0x4,0x67,0x4,0x51,0x4
00015c 043b
00015d 0424
00015e 040f
00015f 03f9      	.DB  0x3B,0x4,0x24,0x4,0xF,0x4,0xF9,0x3
000160 03e3
000161 03ce
000162 03b8
000163 03a3      	.DB  0xE3,0x3,0xCE,0x3,0xB8,0x3,0xA3,0x3
000164 038e
000165 0379
000166 0365
000167 0350      	.DB  0x8E,0x3,0x79,0x3,0x65,0x3,0x50,0x3
000168 033c
000169 0328
00016a 0314
00016b 0300      	.DB  0x3C,0x3,0x28,0x3,0x14,0x3,0x0,0x3
00016c 02ed
00016d 02d9
00016e 02c6
00016f 02b3      	.DB  0xED,0x2,0xD9,0x2,0xC6,0x2,0xB3,0x2
000170 02a1
000171 028e
000172 027c
000173 026a      	.DB  0xA1,0x2,0x8E,0x2,0x7C,0x2,0x6A,0x2
000174 0258
000175 0246
000176 0235
000177 0224      	.DB  0x58,0x2,0x46,0x2,0x35,0x2,0x24,0x2
000178 0213
000179 0202
00017a 01f1
00017b 01e1      	.DB  0x13,0x2,0x2,0x2,0xF1,0x1,0xE1,0x1
00017c 01d1
00017d 01c1
00017e 01b1
00017f 01a2      	.DB  0xD1,0x1,0xC1,0x1,0xB1,0x1,0xA2,0x1
000180 0193
000181 0184
000182 0176
000183 0167      	.DB  0x93,0x1,0x84,0x1,0x76,0x1,0x67,0x1
000184 0159
000185 014b
000186 013e
000187 0130      	.DB  0x59,0x1,0x4B,0x1,0x3E,0x1,0x30,0x1
000188 0123
000189 0117
00018a 010a
00018b 00fe      	.DB  0x23,0x1,0x17,0x1,0xA,0x1,0xFE,0x0
00018c 00f2
00018d 00e6
00018e 00db
00018f 00d0      	.DB  0xF2,0x0,0xE6,0x0,0xDB,0x0,0xD0,0x0
000190 00c5
000191 00ba
000192 00b0
000193 00a6      	.DB  0xC5,0x0,0xBA,0x0,0xB0,0x0,0xA6,0x0
000194 009c
000195 0092
000196 0089
000197 0080      	.DB  0x9C,0x0,0x92,0x0,0x89,0x0,0x80,0x0
000198 0078
000199 006f
00019a 0067
00019b 0060      	.DB  0x78,0x0,0x6F,0x0,0x67,0x0,0x60,0x0
00019c 0058
00019d 0051
00019e 004a
00019f 0044      	.DB  0x58,0x0,0x51,0x0,0x4A,0x0,0x44,0x0
0001a0 003d
0001a1 0037
0001a2 0032
0001a3 002c      	.DB  0x3D,0x0,0x37,0x0,0x32,0x0,0x2C,0x0
0001a4 0027
0001a5 0023
0001a6 001e
0001a7 001a      	.DB  0x27,0x0,0x23,0x0,0x1E,0x0,0x1A,0x0
0001a8 0016
0001a9 0013
0001aa 000f
0001ab 000c      	.DB  0x16,0x0,0x13,0x0,0xF,0x0,0xC,0x0
0001ac 000a
0001ad 0008
0001ae 0006
0001af 0004      	.DB  0xA,0x0,0x8,0x0,0x6,0x0,0x4,0x0
0001b0 0002
0001b1 0001
0001b2 0001
0001b3 0000      	.DB  0x2,0x0,0x1,0x0,0x1,0x0,0x0,0x0
0001b4 0000
0001b5 0000
0001b6 0001
0001b7 0001      	.DB  0x0,0x0,0x0,0x0,0x1,0x0,0x1,0x0
0001b8 0002
0001b9 0004
0001ba 0006
0001bb 0008      	.DB  0x2,0x0,0x4,0x0,0x6,0x0,0x8,0x0
0001bc 000a
0001bd 000c
0001be 000f
0001bf 0013      	.DB  0xA,0x0,0xC,0x0,0xF,0x0,0x13,0x0
0001c0 0016
0001c1 001a
0001c2 001e
0001c3 0023      	.DB  0x16,0x0,0x1A,0x0,0x1E,0x0,0x23,0x0
0001c4 0027
0001c5 002c
0001c6 0032
0001c7 0037      	.DB  0x27,0x0,0x2C,0x0,0x32,0x0,0x37,0x0
0001c8 003d
0001c9 0044
0001ca 004a
0001cb 0051      	.DB  0x3D,0x0,0x44,0x0,0x4A,0x0,0x51,0x0
0001cc 0058
0001cd 0060
0001ce 0067
0001cf 006f      	.DB  0x58,0x0,0x60,0x0,0x67,0x0,0x6F,0x0
0001d0 0078
0001d1 0080
0001d2 0089
0001d3 0092      	.DB  0x78,0x0,0x80,0x0,0x89,0x0,0x92,0x0
0001d4 009c
0001d5 00a6
0001d6 00b0
0001d7 00ba      	.DB  0x9C,0x0,0xA6,0x0,0xB0,0x0,0xBA,0x0
0001d8 00c5
0001d9 00d0
0001da 00db
0001db 00e6      	.DB  0xC5,0x0,0xD0,0x0,0xDB,0x0,0xE6,0x0
0001dc 00f2
0001dd 00fe
0001de 010a
0001df 0117      	.DB  0xF2,0x0,0xFE,0x0,0xA,0x1,0x17,0x1
0001e0 0123
0001e1 0130
0001e2 013e
0001e3 014b      	.DB  0x23,0x1,0x30,0x1,0x3E,0x1,0x4B,0x1
0001e4 0159
0001e5 0167
0001e6 0176
0001e7 0184      	.DB  0x59,0x1,0x67,0x1,0x76,0x1,0x84,0x1
0001e8 0193
0001e9 01a2
0001ea 01b1
0001eb 01c1      	.DB  0x93,0x1,0xA2,0x1,0xB1,0x1,0xC1,0x1
0001ec 01d1
0001ed 01e1
0001ee 01f1
0001ef 0202      	.DB  0xD1,0x1,0xE1,0x1,0xF1,0x1,0x2,0x2
0001f0 0213
0001f1 0224
0001f2 0235
0001f3 0246      	.DB  0x13,0x2,0x24,0x2,0x35,0x2,0x46,0x2
0001f4 0258
0001f5 026a
0001f6 027c
0001f7 028e      	.DB  0x58,0x2,0x6A,0x2,0x7C,0x2,0x8E,0x2
0001f8 02a1
0001f9 02b3
0001fa 02c6
0001fb 02d9      	.DB  0xA1,0x2,0xB3,0x2,0xC6,0x2,0xD9,0x2
0001fc 02ed
0001fd 0300
0001fe 0314
0001ff 0328      	.DB  0xED,0x2,0x0,0x3,0x14,0x3,0x28,0x3
000200 033c
000201 0350
000202 0365
000203 0379      	.DB  0x3C,0x3,0x50,0x3,0x65,0x3,0x79,0x3
000204 038e
000205 03a3
000206 03b8
000207 03ce      	.DB  0x8E,0x3,0xA3,0x3,0xB8,0x3,0xCE,0x3
000208 03e3
000209 03f9
00020a 040f
00020b 0424      	.DB  0xE3,0x3,0xF9,0x3,0xF,0x4,0x24,0x4
00020c 043b
00020d 0451
00020e 0467
00020f 047e      	.DB  0x3B,0x4,0x51,0x4,0x67,0x4,0x7E,0x4
000210 0494
000211 04ab
000212 04c2
000213 04d9      	.DB  0x94,0x4,0xAB,0x4,0xC2,0x4,0xD9,0x4
000214 04f0
000215 0508
000216 051f
000217 0536      	.DB  0xF0,0x4,0x8,0x5,0x1F,0x5,0x36,0x5
000218 054e
000219 0566
00021a 057e
00021b 0595      	.DB  0x4E,0x5,0x66,0x5,0x7E,0x5,0x95,0x5
00021c 05ad
00021d 05c6
00021e 05de
00021f 05f6      	.DB  0xAD,0x5,0xC6,0x5,0xDE,0x5,0xF6,0x5
000220 060e
000221 0627
000222 063f
000223 0658      	.DB  0xE,0x6,0x27,0x6,0x3F,0x6,0x58,0x6
000224 0670
000225 0689
000226 06a2
000227 06bb      	.DB  0x70,0x6,0x89,0x6,0xA2,0x6,0xBB,0x6
000228 06d3
000229 06ec
00022a 0705
00022b 071e      	.DB  0xD3,0x6,0xEC,0x6,0x5,0x7,0x1E,0x7
00022c 0737
00022d 0750
00022e 0769
00022f 0782      	.DB  0x37,0x7,0x50,0x7,0x69,0x7,0x82,0x7
000230 079c
000231 07b5
000232 07ce
000233 07e7      	.DB  0x9C,0x7,0xB5,0x7,0xCE,0x7,0xE7,0x7
                 
                 __RESET:
000234 94f8      	CLI
000235 27ee      	CLR  R30
000236 bbef      	OUT  EECR,R30
                 
                 ;INTERRUPT VECTORS ARE PLACED
                 ;AT THE START OF FLASH
000237 e0f1      	LDI  R31,1
000238 bff5      	OUT  MCUCR,R31
000239 bfe5      	OUT  MCUCR,R30
                 
                 ;CLEAR R2-R14
00023a e08d      	LDI  R24,(14-2)+1
00023b e0a2      	LDI  R26,2
00023c 27bb      	CLR  R27
                 __CLEAR_REG:
00023d 93ed      	ST   X+,R30
00023e 958a      	DEC  R24
00023f f7e9      	BRNE __CLEAR_REG
                 
                 ;CLEAR SRAM
000240 e080      	LDI  R24,LOW(__CLEAR_SRAM_SIZE)
000241 e098      	LDI  R25,HIGH(__CLEAR_SRAM_SIZE)
000242 e0a0      	LDI  R26,LOW(__SRAM_START)
000243 e0b1      	LDI  R27,HIGH(__SRAM_START)
                 __CLEAR_SRAM:
000244 93ed      	ST   X+,R30
000245 9701      	SBIW R24,1
000246 f7e9      	BRNE __CLEAR_SRAM
                 
                 ;GPIOR0 INITIALIZATION
000247 e0e0      	LDI  R30,__GPIOR0_INIT
000248 bbee      	OUT  GPIOR0,R30
                 
                 ;HARDWARE STACK POINTER INITIALIZATION
000249 efef      	LDI  R30,LOW(__SRAM_END-__HEAP_SIZE)
00024a bfed      	OUT  SPL,R30
00024b e0e8      	LDI  R30,HIGH(__SRAM_END-__HEAP_SIZE)
00024c bfee      	OUT  SPH,R30
                 
                 ;DATA STACK POINTER INITIALIZATION
00024d e0c0      	LDI  R28,LOW(__SRAM_START+__DSTACK_SIZE)
00024e e0d3      	LDI  R29,HIGH(__SRAM_START+__DSTACK_SIZE)
                 
00024f 940c 0267 	JMP  _main
                 
                 	.ESEG
                 	.ORG 0
                 
                 	.DSEG
                 	.ORG 0x300
                 
                 	.CSEG
                 ;/*******************************************************
                 ;Chip type               : ATmega328P
                 ;AVR Core Clock frequency: 16,000000 MHz
                 ;*******************************************************/
                 ;#include <mega328p.h>
                 	#ifndef __SLEEP_DEFINED__
                 	#define __SLEEP_DEFINED__
                 	.EQU __se_bit=0x01
                 	.EQU __sm_mask=0x0E
                 	.EQU __sm_adc_noise_red=0x02
                 	.EQU __sm_powerdown=0x04
                 	.EQU __sm_powersave=0x06
                 	.EQU __sm_standby=0x0C
                 	.EQU __sm_ext_standby=0x0E
                 	.SET power_ctrl_reg=smcr
                 	#endif
                 ;#include <delay.h>
                 ;
                 ;// Declare your global variables here
                 ;flash unsigned int samples[512]=              //таблица синуса с 512 отсчетами
                 ;{
                 ;  2048, 2073, 2098, 2123, 2148, 2174, 2199, 2224,
                 ;  2249, 2274, 2299, 2324, 2349, 2373, 2398, 2423,
                 ;  2448, 2472, 2497, 2521, 2546, 2570, 2594, 2618,
                 ;  2643, 2667, 2690, 2714, 2738, 2762, 2785, 2808,
                 ;  2832, 2855, 2878, 2901, 2924, 2946, 2969, 2991,
                 ;  3013, 3036, 3057, 3079, 3101, 3122, 3144, 3165,
                 ;  3186, 3207, 3227, 3248, 3268, 3288, 3308, 3328,
                 ;  3347, 3367, 3386, 3405, 3423, 3442, 3460, 3478,
                 ;  3496, 3514, 3531, 3548, 3565, 3582, 3599, 3615,
                 ;  3631, 3647, 3663, 3678, 3693, 3708, 3722, 3737,
                 ;  3751, 3765, 3778, 3792, 3805, 3817, 3830, 3842,
                 ;  3854, 3866, 3877, 3888, 3899, 3910, 3920, 3930,
                 ;  3940, 3950, 3959, 3968, 3976, 3985, 3993, 4000,
                 ;  4008, 4015, 4022, 4028, 4035, 4041, 4046, 4052,
                 ;  4057, 4061, 4066, 4070, 4074, 4077, 4081, 4084,
                 ;  4086, 4088, 4090, 4092, 4094, 4095, 4095, 4095,
                 ;  4095, 4095, 4095, 4095, 4094, 4092, 4090, 4088,
                 ;  4086, 4084, 4081, 4077, 4074, 4070, 4066, 4061,
                 ;  4057, 4052, 4046, 4041, 4035, 4028, 4022, 4015,
                 ;  4008, 4000, 3993, 3985, 3976, 3968, 3959, 3950,
                 ;  3940, 3930, 3920, 3910, 3899, 3888, 3877, 3866,
                 ;  3854, 3842, 3830, 3817, 3805, 3792, 3778, 3765,
                 ;  3751, 3737, 3722, 3708, 3693, 3678, 3663, 3647,
                 ;  3631, 3615, 3599, 3582, 3565, 3548, 3531, 3514,
                 ;  3496, 3478, 3460, 3442, 3423, 3405, 3386, 3367,
                 ;  3347, 3328, 3308, 3288, 3268, 3248, 3227, 3207,
                 ;  3186, 3165, 3144, 3122, 3101, 3079, 3057, 3036,
                 ;  3013, 2991, 2969, 2946, 2924, 2901, 2878, 2855,
                 ;  2832, 2808, 2785, 2762, 2738, 2714, 2690, 2667,
                 ;  2643, 2618, 2594, 2570, 2546, 2521, 2497, 2472,
                 ;  2448, 2423, 2398, 2373, 2349, 2324, 2299, 2274,
                 ;  2249, 2224, 2199, 2174, 2148, 2123, 2098, 2073,
                 ;  2048, 2023, 1998, 1973, 1948, 1922, 1897, 1872,
                 ;  1847, 1822, 1797, 1772, 1747, 1723, 1698, 1673,
                 ;  1648, 1624, 1599, 1575, 1550, 1526, 1502, 1478,
                 ;  1453, 1429, 1406, 1382, 1358, 1334, 1311, 1288,
                 ;  1264, 1241, 1218, 1195, 1172, 1150, 1127, 1105,
                 ;  1083, 1060, 1039, 1017,  995,  974,  952,  931,
                 ;   910,  889,  869,  848,  828,  808,  788,  768,
                 ;   749,  729,  710,  691,  673,  654,  636,  618,
                 ;   600,  582,  565,  548,  531,  514,  497,  481,
                 ;   465,  449,  433,  418,  403,  388,  374,  359,
                 ;   345,  331,  318,  304,  291,  279,  266,  254,
                 ;   242,  230,  219,  208,  197,  186,  176,  166,
                 ;   156,  146,  137,  128,  120,  111,  103,   96,
                 ;    88,   81,   74,   68,   61,   55,   50,   44,
                 ;    39,   35,   30,   26,   22,   19,   15,   12,
                 ;    10,    8,    6,    4,    2,    1,    1,    0,
                 ;     0,    0,    1,    1,    2,    4,    6,    8,
                 ;    10,   12,   15,   19,   22,   26,   30,   35,
                 ;    39,   44,   50,   55,   61,   68,   74,   81,
                 ;    88,   96,  103,  111,  120,  128,  137,  146,
                 ;   156,  166,  176,  186,  197,  208,  219,  230,
                 ;   242,  254,  266,  279,  291,  304,  318,  331,
                 ;   345,  359,  374,  388,  403,  418,  433,  449,
                 ;   465,  481,  497,  514,  531,  548,  565,  582,
                 ;   600,  618,  636,  654,  673,  691,  710,  729,
                 ;   749,  768,  788,  808,  828,  848,  869,  889,
                 ;   910,  931,  952,  974,  995, 1017, 1039, 1060,
                 ;  1083, 1105, 1127, 1150, 1172, 1195, 1218, 1241,
                 ;  1264, 1288, 1311, 1334, 1358, 1382, 1406, 1429,
                 ;  1453, 1478, 1502, 1526, 1550, 1575, 1599, 1624,
                 ;  1648, 1673, 1698, 1723, 1747, 1772, 1797, 1822,
                 ;  1847, 1872, 1897, 1922, 1948, 1973, 1998, 2023
                 ;};
                 ;
                 ;//flash unsigned int samples[32] =                    //таблица синуса с 32 отсчётами
                 ;//{
                 ;//  2048, 2447, 2831, 3185, 3495, 3750, 3939, 4056,
                 ;//  4095, 4056, 3939, 3750, 3495, 3185, 2831, 2447,
                 ;//  2048, 1648, 1264,  910,  600,  345,  156,   39,
                 ;//     0,   39,  156,  345,  600,  910, 1264, 1648
                 ;//};
                 ;// SPI functions
                 ;//#include <spi.h>
                 ;//Определение линий портов для SPI МК Atmega328p
                 ;#define SS PORTB2
                 ;#define SCK PORTB5
                 ;#define MOSI PORTB3
                 ;//Определение разрядов старшего байта передаваемого в ЦАП слова
                 ;#define AB 7    // Для MCP4921 должен быть 0
                 ;#define BUF 6   // 1 - есть буферизация Vref, 0 - нет буферизации Vref
                 ;#define GA 5    // 1 - GAIN=1, 0 - GAIN=0
                 ;#define SHDN 4  // 1 - выходы ЦАП включены, 0 - выходы в высокоимпедансном состоянии
                 ;
                 ;/*ФУНКЦИЯ ПЕРЕДАЧИ БАЙТА ПО SPI-ИНТЕРФЕЙСУ ОТ MASTER-устройства(МК)*/
                 ;void SPI_MasterTransmit(char d) //в переменную d принимаем байт для отправки по SPI интерфейсу
                 ; 0000 0062   {
                 
                 	.CSEG
                 _SPI_MasterTransmit:
                 ; .FSTART _SPI_MasterTransmit
                 ; 0000 0063   SPDR = d;                     //передаем байт в сдвиговый регистр SPDR
000251 93aa      	ST   -Y,R26
                 ;	d -> Y+0
000252 81e8      	LD   R30,Y
000253 bdee      	OUT  0x2E,R30
                 ; 0000 0064   while(~SPSR & (1<<SPIF));     //ждем пока появится 1 в разряде SPIF (7) регистра
                 _0x3:
000254 b5ed      	IN   R30,0x2D
000255 95e0      	COM  R30
000256 78e0      	ANDI R30,LOW(0x80)
000257 f7e1      	BRNE _0x3
                 ; 0000 0065                                 //SPSR - признак завершения передачи байта
                 ; 0000 0066   }                             //байт передан устройству Slave, возврат
000258 9621      	ADIW R28,1
000259 9508      	RET
                 ; .FEND
                 ;
                 ;/*ФУНКЦИЯ ОТПРАВКИ 16 БИТ ДАННЫХ ПО SPI-ИНТЕРФЕЙСУ - установки напряжения на выходе ЦАП*/
                 ;void SET_Voltage(unsigned int cd)
                 ; 0000 006A {
                 _SET_Voltage:
                 ; .FSTART _SET_Voltage
                 ; 0000 006B PORTB&=~(1<<SS);    //на /SS установить 0 для выбора ведомого устройства (ЦАП)
00025a 93ba      	ST   -Y,R27
00025b 93aa      	ST   -Y,R26
                 ;	cd -> Y+0
00025c 982a      	CBI  0x5,2
                 ; 0000 006C 
                 ; 0000 006D //Отправляем по SPI (0x1DDD) первые 4 бита(15-12) конфигурационные,
                 ; 0000 006E //остальные данные(11-0) - код для напряжения, которое будет установлено на выходе ЦАП
                 ; 0000 006F 
                 ; 0000 0070 //Выводим ЦАП из режима SHDN (SHDN=1), устанавливаем Gain=1
                 ; 0000 0071 //поскольку переменная cd 16 битная, сдвигаем старшие 8 бит вправо(первыми отправляем старшие 8 бит).
                 ; 0000 0072 SPI_MasterTransmit((0<<AB)|(0<<BUF)|(1<<GA)|(1<<SHDN)|(cd>>8)); //отправляем старшие(15-8) 8 бит данных:
00025d 81e9      	LDD  R30,Y+1
00025e 70f0      	ANDI R31,HIGH(0x0)
00025f 63e0      	ORI  R30,LOW(0x30)
000260 2fae      	MOV  R26,R30
000261 dfef      	RCALL _SPI_MasterTransmit
                 ; 0000 0073 //4 конфигурационных бита (биты 7-4) и старшую тетраду данных (биты 3-0)
                 ; 0000 0074 
                 ; 0000 0075 SPI_MasterTransmit(cd);         //Отправляем по SPI младшие(0-7) 8 бит данных
000262 81a8      	LD   R26,Y
000263 dfed      	RCALL _SPI_MasterTransmit
                 ; 0000 0076 PORTB|=(1<<SS);                 //на /SS установить 1, т.е. отключить ведомое устройство
000264 9a2a      	SBI  0x5,2
                 ; 0000 0077 }
000265 9622      	ADIW R28,2
000266 9508      	RET
                 ; .FEND
                 ;
                 ;/*ГЛАВНАЯ ФУНКЦИЯ*/
                 ;void main(void)
                 ; 0000 007B {
                 _main:
                 ; .FSTART _main
                 ; 0000 007C unsigned int i, step=4;
                 ; 0000 007D // Crystal Oscillator division factor: 1
                 ; 0000 007E #pragma optsize-
                 ; 0000 007F CLKPR=(1<<CLKPCE);
                 ;	i -> R16,R17
                 ;	step -> R18,R19
                +
000267 e024     +LDI R18 , LOW ( 4 )
000268 e030     +LDI R19 , HIGH ( 4 )
                 	__GETWRN 18,19,4
000269 e8e0      	LDI  R30,LOW(128)
00026a 93e0 0061 	STS  97,R30
                 ; 0000 0080 CLKPR=(0<<CLKPCE) | (0<<CLKPS3) | (0<<CLKPS2) | (0<<CLKPS1) | (0<<CLKPS0);
00026c e0e0      	LDI  R30,LOW(0)
00026d 93e0 0061 	STS  97,R30
                 ; 0000 0081 #ifdef _OPTIMIZE_SIZE_
                 ; 0000 0082 #pragma optsize+
                 ; 0000 0083 #endif
                 ; 0000 0084 
                 ; 0000 0085 /*НАСТРОЙКА ПЕРИФЕРИИ*/
                 ; 0000 0086 // Input/Output Ports initialization
                 ; 0000 0087 // Port B initialization
                 ; 0000 0088 // Function: Bit7=In Bit6=In Bit5=Out Bit4=In Bit3=Out Bit2=Out Bit1=In Bit0=In
                 ; 0000 0089 // Выходные линии инт. SPI:   PB5-SCK;               PB3-MOSI;    PB2-/SS
                 ; 0000 008A DDRB=(0<<DDB7) | (0<<DDB6) | (1<<DDB5) | (0<<DDB4) | (1<<DDB3) | (1<<DDB2) | (0<<DDB1) | (0<<DDB0);
00026f e2ec      	LDI  R30,LOW(44)
000270 b9e4      	OUT  0x4,R30
                 ; 0000 008B // State: Bit7=T Bit6=T Bit5=0 Bit4=T Bit3=0 Bit2=0 Bit1=T Bit0=T
                 ; 0000 008C PORTB=(0<<PORTB7) | (0<<PORTB6) | (0<<PORTB5) | (0<<PORTB4) | (0<<PORTB3) | (0<<PORTB2) | (0<<PORTB1) | (0<<PORTB0);
000271 e0e0      	LDI  R30,LOW(0)
000272 b9e5      	OUT  0x5,R30
                 ; 0000 008D 
                 ; 0000 008E // SPI initialization
                 ; 0000 008F // SPI Type: Master
                 ; 0000 0090 // SPI Clock Rate: 2*4000,000 kHz - максимально возможная скорость передачи по SPI для данного МК
                 ; 0000 0091 // SPI Clock Phase: Cycle Start
                 ; 0000 0092 // SPI Clock Polarity: Low
                 ; 0000 0093 // SPI Data Order: MSB First
                 ; 0000 0094 SPCR=(0<<SPIE) | (1<<SPE) | (0<<DORD) | (1<<MSTR) | (0<<CPOL) | (0<<CPHA) | (0<<SPR1) | (0<<SPR0);
000273 e5e0      	LDI  R30,LOW(80)
000274 bdec      	OUT  0x2C,R30
                 ; 0000 0095 SPSR=(1<<SPI2X);
000275 e0e1      	LDI  R30,LOW(1)
000276 bded      	OUT  0x2D,R30
                 ; 0000 0096 
                 ; 0000 0097 while (1)
                 _0x6:
                 ; 0000 0098       {
                 ; 0000 0099       // Place your code here
                 ; 0000 009A       //ЦИКЛИЧЕСКИЙ ВЫВОД ЗНАЧЕНИЙ МАССИВА СИНУСОВ В ЦАП
                 ; 0000 009B       for (i=0;i<512;i=i+step)
                +
000277 e000     +LDI R16 , LOW ( 0 )
000278 e010     +LDI R17 , HIGH ( 0 )
                 	__GETWRN 16,17,0
                 _0xA:
                +
000279 3000     +CPI R16 , LOW ( 512 )
00027a e0e2     +LDI R30 , HIGH ( 512 )
00027b 071e     +CPC R17 , R30
                 	__CPWRN 16,17,512
00027c f468      	BRSH _0xB
                 ; 0000 009C             {
                 ; 0000 009D              SET_Voltage(samples[i]);
00027d 01f8      	MOVW R30,R16
00027e e6a8      	LDI  R26,LOW(_samples*2)
00027f e0b0      	LDI  R27,HIGH(_samples*2)
000280 0fee      	LSL  R30
000281 1fff      	ROL  R31
000282 0fea      	ADD  R30,R26
000283 1ffb      	ADC  R31,R27
000284 940e 028c 	CALL __GETW2PF
000286 dfd3      	RCALL _SET_Voltage
                 ; 0000 009E             };
                +
000287 0f02     +ADD R16 , R18
000288 1f13     +ADC R17 , R19
                 	__ADDWRR 16,17,18,19
000289 cfef      	RJMP _0xA
                 _0xB:
                 ; 0000 009F 
                 ; 0000 00A0       }
00028a cfec      	RJMP _0x6
                 ; 0000 00A1 }
                 _0xC:
00028b cfff      	RJMP _0xC
                 ; .FEND
                 
                 	.CSEG
                 
                 	.CSEG
                 __GETW2PF:
00028c 91a5      	LPM  R26,Z+
00028d 91b4      	LPM  R27,Z
00028e 9508      	RET
                 
                 ;END OF CODE MARKER
                 __END_OF_CODE:


RESOURCE USE INFORMATION
------------------------

Notice:
The register and instruction counts are symbol table hit counts,
and hence implicitly used resources are not counted, eg, the
'lpm' instruction without operands implicitly uses r0 and z,
none of which are counted.

x,y,z are separate entities in the symbol table and are
counted separately from r26..r31 here.

.dseg memory usage only counts static data declared with .byte

ATmega328P register use summary:
r0 :   0 r1 :   0 r2 :   0 r3 :   0 r4 :   0 r5 :   0 r6 :   0 r7 :   0 
r8 :   0 r9 :   0 r10:   0 r11:   0 r12:   0 r13:   0 r14:   0 r15:   0 
r16:   4 r17:   3 r18:   2 r19:   2 r20:   0 r21:   0 r22:   0 r23:   0 
r24:   4 r25:   1 r26:   9 r27:   6 r28:   3 r29:   1 r30:  36 r31:   5 
x  :   2 y  :   6 z  :   2 
Registers used: 15 out of 35 (42.9%)

ATmega328P instruction use summary:
.lds  :   0 .lds.l:   0 .sts  :   0 .sts.l:   0 adc   :   2 add   :   2 
adiw  :   2 and   :   0 andi  :   2 asr   :   0 bclr  :   0 bld   :   0 
brbc  :   0 brbs  :   0 brcc  :   0 brcs  :   0 break :   0 breq  :   0 
brge  :   0 brhc  :   0 brhs  :   0 brid  :   0 brie  :   0 brlo  :   0 
brlt  :   0 brmi  :   0 brne  :   3 brpl  :   0 brsh  :   1 brtc  :   0 
brts  :   0 brvc  :   0 brvs  :   0 bset  :   0 bst   :   0 call  :   1 
cbi   :   1 cbr   :   0 clc   :   0 clh   :   0 cli   :   1 cln   :   0 
clr   :   2 cls   :   0 clt   :   0 clv   :   0 clz   :   0 com   :   1 
cp    :   0 cpc   :   1 cpi   :   1 cpse  :   0 dec   :   1 des   :   0 
eor   :   0 fmul  :   0 fmuls :   0 fmulsu:   0 icall :   0 ijmp  :   0 
in    :   1 inc   :   0 jmp   :  27 ld    :   2 ldd   :   1 ldi   :  25 
lds   :   0 lpm   :   3 lsl   :   1 lsr   :   0 mov   :   1 movw  :   1 
mul   :   0 muls  :   0 mulsu :   0 neg   :   0 nop   :   0 or    :   0 
ori   :   1 out   :  11 pop   :   0 push  :   0 rcall :   3 ret   :   3 
reti  :   0 rjmp  :   3 rol   :   1 ror   :   0 sbc   :   0 sbci  :   0 
sbi   :   1 sbic  :   0 sbis  :   0 sbiw  :   1 sbr   :   0 sbrc  :   0 
sbrs  :   0 sec   :   0 seh   :   0 sei   :   0 sen   :   0 ser   :   0 
ses   :   0 set   :   0 sev   :   0 sez   :   0 sleep :   0 spm   :   0 
st    :   5 std   :   0 sts   :   2 sub   :   0 subi  :   0 swap  :   0 
tst   :   0 wdr   :   0 
Instructions used: 33 out of 116 (28.4%)

ATmega328P memory use summary [bytes]:
Segment   Begin    End      Code   Data   Used    Size   Use%
---------------------------------------------------------------
[.cseg] 0x000000 0x00051e    286   1024   1310   32768   4.0%
[.dseg] 0x000100 0x000300      0      0      0    2048   0.0%
[.eseg] 0x000000 0x000000      0      0      0    1024   0.0%

Assembly complete, 0 errors, 0 warnings
