RAM Allocation [bytes]
Variable                                                                          Address   Size
------------------------------------------------------------------------------------------------
string_lcd1                                                                       0x0160      17
string_lcd2                                                                       0x0171      17
_base_y                                                                           0x0182       4

EEPROM Allocation [bytes]
Variable                                                                          Address   Size
------------------------------------------------------------------------------------------------

Register Allocation
Variable                                                                          Register  Size
------------------------------------------------------------------------------------------------
pause                                                                             R5           1
overflow                                                                          R2.0      1bit
_lcd_x                                                                            R4           1
_lcd_y                                                                            R7           1
_lcd_maxx                                                                         R6           1

FLASH Allocation [words]
Function                                                                          Address   Size
------------------------------------------------------------------------------------------------
ext_int2_isr                                                                      0x00085     21
timer0_ovf_isr                                                                    0x0009A     15
main                                                                              0x000A9     76
put_buff_G100                                                                     0x000F5     64
_print_G100                                                                       0x00135    308
sprintf                                                                           0x00269     52
_lcd_write_nibble_G101                                                            0x0029D     20
_lcd_write_data                                                                   0x002B1     12
lcd_gotoxy                                                                        0x002BD     13
lcd_clear                                                                         0x002CA     12
lcd_putchar                                                                       0x002D6     21
lcd_puts                                                                          0x002EB     17
lcd_init                                                                          0x002FC     46
strlen                                                                            0x0032A     12
strlenf                                                                           0x00336     13
