RAM Allocation [bytes]
Variable                                                                          Address   Size
------------------------------------------------------------------------------------------------

EEPROM Allocation [bytes]
Variable                                                                          Address   Size
------------------------------------------------------------------------------------------------

Register Allocation
Variable                                                                          Register  Size
------------------------------------------------------------------------------------------------
FREQH                                                                             R4,R5        2
DISPL                                                                             R6,R7        2
i                                                                                 R8,R9        2

FLASH Allocation [words]
Function                                                                          Address   Size
------------------------------------------------------------------------------------------------
timer0_ovf_isr                                                                    0x00060     58
ext_int1_isr                                                                      0x0009A     15
timer1_compa_isr                                                                  0x000A9     10
SPI_MasterTransmit                                                                0x000B3      9
SET                                                                               0x000BC      9
main                                                                              0x000C5     67
