RAM Allocation [bytes]
Variable                                                                          Address   Size
------------------------------------------------------------------------------------------------
_base_y                                                                           0x0160       4
_seed                                                                             0x0164       4

EEPROM Allocation [bytes]
Variable                                                                          Address   Size
------------------------------------------------------------------------------------------------

Register Allocation
Variable                                                                          Register  Size
------------------------------------------------------------------------------------------------
g                                                                                 R4,R5        2
a                                                                                 R7           1
_lcd_x                                                                            R6           1
_lcd_y                                                                            R9           1
_lcd_maxx                                                                         R8           1

FLASH Allocation [words]
Function                                                                          Address   Size
------------------------------------------------------------------------------------------------
main                                                                              0x00080     83
put_buff_G100                                                                     0x000D3     58
_ftoe_G100                                                                        0x0010D    209
_print_G100                                                                       0x001DE    538
sprintf                                                                           0x003F8     52
_lcd_write_nibble_G101                                                            0x0042C     20
_lcd_write_data                                                                   0x00440     12
lcd_gotoxy                                                                        0x0044C     13
lcd_clear                                                                         0x00459     12
lcd_putchar                                                                       0x00465     21
lcd_puts                                                                          0x0047A     17
lcd_init                                                                          0x0048B     46
strcpyf                                                                           0x004B9     13
strlen                                                                            0x004C6     12
strlenf                                                                           0x004D2     13
ftrunc                                                                            0x004DF     49
floor                                                                             0x00510     23
ftoa                                                                              0x00527    153
