RAM Allocation [bytes]
Variable                                                                          Address   Size
------------------------------------------------------------------------------------------------
b                                                                                 0x0160      16
_seed                                                                             0x0170       4

EEPROM Allocation [bytes]
Variable                                                                          Address   Size
------------------------------------------------------------------------------------------------
a                                                                                 0x0000      16

Register Allocation
Variable                                                                          Register  Size
------------------------------------------------------------------------------------------------
i                                                                                 R4,R5        2
adr                                                                               R6,R7        2

FLASH Allocation [words]
Function                                                                          Address   Size
------------------------------------------------------------------------------------------------
calc                                                                              0x00066     67
ext_int0_isr                                                                      0x000A9      1
main                                                                              0x000AA     38
ftrunc                                                                            0x000D0     49
floor                                                                             0x00101     20
sin                                                                               0x00115    140
cos                                                                               0x001A1     13
tan                                                                               0x001AE     37
