RAM Allocation [bytes]
Variable                                                                          Address   Size
------------------------------------------------------------------------------------------------
a                                                                                 0x0075       1
b                                                                                 0x0076       1
_seed                                                                             0x0160       4

EEPROM Allocation [bytes]
Variable                                                                          Address   Size
------------------------------------------------------------------------------------------------
y                                                                                 0x0000       2

Register Allocation
Variable                                                                          Register  Size
------------------------------------------------------------------------------------------------
c                                                                                 R5           1
d                                                                                 R4           1
f                                                                                 R7           1
g                                                                                 R6           1
result                                                                            R9           1
a1                                                                                R10,R11      2
b1                                                                                R12,R13      2

FLASH Allocation [words]
Function                                                                          Address   Size
------------------------------------------------------------------------------------------------
ext_int0_isr                                                                      0x00061      1
main                                                                              0x00062    111
ftrunc                                                                            0x000D1     49
floor                                                                             0x00102     19
log                                                                               0x00115    132
exp                                                                               0x00199    152
pow                                                                               0x00231     82
